// Jest Snapshot v1, https://goo.gl/fbAQLP

exports[`Nav component Matches snapshot 1`] = `
<DocumentFragment>
  <header>
    <h2>
      <a
        data-testid="link"
        href="/"
      >
        <span
          aria-label="camera"
          role="img"
        >
           ðŸ“¸
        </span>
         Oh Snap!
      </a>
    </h2>
    <nav>
      <ul
        class="flex-row"
      >
        <li
          class="mx-2"
        >
          <a
            data-testid="about"
            href="#about"
          >
            About me
          </a>
        </li>
        <li>
          <span
            data-testid="contact"
          >
            Contact
          </span>
        </li>
        <li
          class="mx-1"
        >
          <span
            data-testid="commercial"
          >
            commercial
          </span>
        </li>
        <li
          class="mx-1"
        >
          <span
            data-testid="portraits"
          >
            portraits
          </span>
        </li>
        <li
          class="mx-1"
        >
          <span
            data-testid="food"
          >
            food
          </span>
        </li>
        <li
          class="mx-1"
        >
          <span
            data-testid="landscape"
          >
            landscape
          </span>
        </li>
      </ul>
    </nav>
  </header>
</DocumentFragment>
`;
